Ошибка: Нужны YANDEX_FOLDER_ID и YANDEX_API_KEY
Ошибка: Нужны YANDEX_FOLDER_ID и YANDEX_API_KEY
Ошибка: Нужны YANDEX_FOLDER_ID и YANDEX_API_KEY
Ошибка: Нужны YANDEX_FOLDER_ID и YANDEX_API_KEY
Ошибка: Нужны YANDEX_FOLDER_ID и YANDEX_API_KEY
[31m[ERROR] [1784711696.311062544] [autonomous_object_search]: Local visual gate unavailable: onnxruntime is required for the local visual gate[0m
[0m[INFO] [1784711696.313089410] [autonomous_object_search]: {"state": "initializing", "target": "мяч"}[0m
[0m[INFO] [1784711775.870391388] [autonomous_object_search]: {"state": "replanning", "target": "мяч", "visited": 0, "blocked": 0, "candidates": 1, "frontier_candidates": 0, "elapsed_seconds": 0.0}[0m
[0m[INFO] [1784711775.872065736] [autonomous_object_search]: {"state": "scanning_waypoint", "target": "мяч", "waypoint": 1, "visited": 1, "frontier": false, "x": 0.001, "y": 0.002}[0m
[0m[INFO] [1784711775.872721245] [autonomous_object_search]: {"state": "observing", "target": "мяч", "waypoint": 1, "sector": 1}[0m
[0m[INFO] [1784711785.667399121] [autonomous_object_search]: {"state": "observation_retry", "target": "мяч", "waypoint": 1, "sector": 1, "attempt": 1, "error": "Сетевая ошибка при обращении к https://ai.api.cloud.yandex.net/v1/responses: EOF occurred in violation of protocol (_ssl.c:2406)"}[0m
[0m[INFO] [1784711788.030689912] [autonomous_object_search]: {"state": "observation_retry", "target": "мяч", "waypoint": 1, "sector": 1, "attempt": 2, "error": "HTTP 401 от https://ai.api.cloud.yandex.net/v1/responses: {\"error\":\"UNAUTHENTICATED: Unknown api key 't1.9****dvCQ (4402DBFC)'\"}"}[0m
[0m[INFO] [1784711788.031402375] [autonomous_object_search]: {"state": "observation_skipped", "target": "мяч", "waypoint": 1, "sector": 1, "consecutive_errors": 1, "error": "HTTP 401 от https://ai.api.cloud.yandex.net/v1/responses: {\"error\":\"UNAUTHENTICATED: Unknown api key 't1.9****dvCQ (4402DBFC)'\"}"}[0m
[0m[INFO] [1784711788.031973343] [autonomous_object_search]: {"state": "observation", "target": "мяч", "waypoint": 1, "sector": 1, "found": false, "confidence": 0.0, "evidence": "Наблюдение пропущено: HTTP 401 от https://ai.api.cloud.yandex.net/v1/responses: {\"error\":\"UNAUTHENTICATED: Unknown api key 't1.9****dvCQ (4402DBFC)'\"}"}[0m
[0m[INFO] [1784711793.939260279] [autonomous_object_search]: {"state": "observing", "target": "мяч", "waypoint": 1, "sector": 2}[0m
[0m[INFO] [1784711798.149097648] [autonomous_object_search]: {"state": "observation_retry", "target": "мяч", "waypoint": 1, "sector": 2, "attempt": 1, "error": "HTTP 401 от https://ai.api.cloud.yandex.net/v1/responses: {\"error\":\"UNAUTHENTICATED: Unknown api key 't1.9****dvCQ (4402DBFC)'\"}"}[0m
[0m[INFO] [1784711799.657426921] [autonomous_object_search]: {"state": "observation_retry", "target": "мяч", "waypoint": 1, "sector": 2, "attempt": 2, "error": "HTTP 401 от https://ai.api.cloud.yandex.net/v1/responses: {\"error\":\"UNAUTHENTICATED: Unknown api key 't1.9****dvCQ (4402DBFC)'\"}"}[0m
[0m[INFO] [1784711799.658133187] [autonomous_object_search]: {"state": "observation_skipped", "target": "мяч", "waypoint": 1, "sector": 2, "consecutive_errors": 2, "error": "HTTP 401 от https://ai.api.cloud.yandex.net/v1/responses: {\"error\":\"UNAUTHENTICATED: Unknown api key 't1.9****dvCQ (4402DBFC)'\"}"}[0m
[0m[INFO] [1784711799.658891836] [autonomous_object_search]: {"state": "observation", "target": "мяч", "waypoint": 1, "sector": 2, "found": false, "confidence": 0.0, "evidence": "Наблюдение пропущено: HTTP 401 от https://ai.api.cloud.yandex.net/v1/responses: {\"error\":\"UNAUTHENTICATED: Unknown api key 't1.9****dvCQ (4402DBFC)'\"}"}[0m
[0m[INFO] [1784711805.364424485] [autonomous_object_search]: {"state": "observing", "target": "мяч", "waypoint": 1, "sector": 3}[0m
[0m[INFO] [1784711808.955903938] [autonomous_object_search]: {"state": "observation_retry", "target": "мяч", "waypoint": 1, "sector": 3, "attempt": 1, "error": "HTTP 401 от https://ai.api.cloud.yandex.net/v1/responses: {\"error\":\"UNAUTHENTICATED: Unknown api key 't1.9****dvCQ (4402DBFC)'\"}"}[0m
[0m[INFO] [1784711839.708072207] [autonomous_object_search]: {"state": "observation_retry", "target": "мяч", "waypoint": 1, "sector": 3, "attempt": 2, "error": "HTTP 401 от https://ai.api.cloud.yandex.net/v1/responses: {\"error\":\"UNAUTHENTICATED: Unknown api key 't1.9****dvCQ (4402DBFC)'\"}"}[0m
Ошибка: Слишком много последовательных ошибок камеры/детектора: HTTP 401 от https://ai.api.cloud.yandex.net/v1/responses: {"error":"UNAUTHENTICATED: Unknown api key 't1.9****dvCQ (4402DBFC)'"}
[31m[ERROR] [1784712510.138187880] [autonomous_object_search]: Local visual gate unavailable: onnxruntime is required for the local visual gate[0m
[0m[INFO] [1784712510.138837488] [autonomous_object_search]: {"state": "initializing", "target": "мяч"}[0m
[0m[INFO] [1784712510.663581863] [autonomous_object_search]: {"state": "replanning", "target": "мяч", "visited": 0, "blocked": 0, "candidates": 18, "frontier_candidates": 0, "elapsed_seconds": 0.0}[0m
[0m[INFO] [1784712510.667303520] [autonomous_object_search]: {"state": "scanning_waypoint", "target": "мяч", "waypoint": 1, "visited": 1, "frontier": false, "x": -3.17, "y": 10.159}[0m
[0m[INFO] [1784712510.668002211] [autonomous_object_search]: {"state": "observing", "target": "мяч", "waypoint": 1, "sector": 1}[0m
[0m[INFO] [1784712522.392945437] [autonomous_object_search]: {"state": "observation_retry", "target": "мяч", "waypoint": 1, "sector": 1, "attempt": 1, "error": "Сетевая ошибка при обращении к https://ai.api.cloud.yandex.net/v1/responses: [Errno -3] Temporary failure in name resolution"}[0m
[0m[INFO] [1784712531.399854865] [autonomous_object_search]: {"state": "observation_retry", "target": "мяч", "waypoint": 1, "sector": 1, "attempt": 2, "error": "Сетевая ошибка при обращении к https://ai.api.cloud.yandex.net/v1/responses: [Errno -3] Temporary failure in name resolution"}[0m
[0m[INFO] [1784712531.400594152] [autonomous_object_search]: {"state": "observation_skipped", "target": "мяч", "waypoint": 1, "sector": 1, "consecutive_errors": 1, "error": "Сетевая ошибка при обращении к https://ai.api.cloud.yandex.net/v1/responses: [Errno -3] Temporary failure in name resolution"}[0m
[0m[INFO] [1784712531.401219776] [autonomous_object_search]: {"state": "observation", "target": "мяч", "waypoint": 1, "sector": 1, "found": false, "confidence": 0.0, "evidence": "Наблюдение пропущено: Сетевая ошибка при обращении к https://ai.api.cloud.yandex.net/v1/responses: [Errno -3] Temporary failure in name resolution"}[0m
[0m[INFO] [1784712538.604237202] [autonomous_object_search]: {"state": "observing", "target": "мяч", "waypoint": 1, "sector": 2}[0m
[0m[INFO] [1784712542.296951634] [autonomous_object_search]: {"state": "observation_retry", "target": "мяч", "waypoint": 1, "sector": 2, "attempt": 1, "error": "Сетевая ошибка при обращении к https://ai.api.cloud.yandex.net/v1/responses: [Errno -3] Temporary failure in name resolution"}[0m
[0m[INFO] [1784712543.301479980] [autonomous_object_search]: {"state": "observation_retry", "target": "мяч", "waypoint": 1, "sector": 2, "attempt": 2, "error": "Сетевая ошибка при обращении к https://ai.api.cloud.yandex.net/v1/responses: [Errno -3] Temporary failure in name resolution"}[0m
[0m[INFO] [1784712543.302146655] [autonomous_object_search]: {"state": "observation_skipped", "target": "мяч", "waypoint": 1, "sector": 2, "consecutive_errors": 2, "error": "Сетевая ошибка при обращении к https://ai.api.cloud.yandex.net/v1/responses: [Errno -3] Temporary failure in name resolution"}[0m
[0m[INFO] [1784712543.302654329] [autonomous_object_search]: {"state": "observation", "target": "мяч", "waypoint": 1, "sector": 2, "found": false, "confidence": 0.0, "evidence": "Наблюдение пропущено: Сетевая ошибка при обращении к https://ai.api.cloud.yandex.net/v1/responses: [Errno -3] Temporary failure in name resolution"}[0m
[0m[INFO] [1784712548.827282028] [autonomous_object_search]: {"state": "observing", "target": "мяч", "waypoint": 1, "sector": 3}[0m
[0m[INFO] [1784712550.056510526] [autonomous_object_search]: {"state": "observation_retry", "target": "мяч", "waypoint": 1, "sector": 3, "attempt": 1, "error": "Сетевая ошибка при обращении к https://ai.api.cloud.yandex.net/v1/responses: [Errno -3] Temporary failure in name resolution"}[0m
[0m[INFO] [1784712551.060977036] [autonomous_object_search]: {"state": "observation_retry", "target": "мяч", "waypoint": 1, "sector": 3, "attempt": 2, "error": "Сетевая ошибка при обращении к https://ai.api.cloud.yandex.net/v1/responses: [Errno -3] Temporary failure in name resolution"}[0m
Ошибка: Слишком много последовательных ошибок камеры/детектора: Сетевая ошибка при обращении к https://ai.api.cloud.yandex.net/v1/responses: [Errno -3] Temporary failure in name resolution
[31m[ERROR] [1784727017.169113674] [autonomous_object_search]: Local visual gate unavailable: onnxruntime is required for the local visual gate[0m
[0m[INFO] [1784727017.170799226] [autonomous_object_search]: {"state": "initializing", "target": "кубик"}[0m
[0m[INFO] [1784727017.515698168] [autonomous_object_search]: {"state": "replanning", "target": "кубик", "visited": 0, "blocked": 0, "candidates": 24, "frontier_candidates": 0, "elapsed_seconds": 0.0}[0m
[0m[INFO] [1784727017.517321405] [autonomous_object_search]: {"state": "scanning_waypoint", "target": "кубик", "waypoint": 1, "visited": 1, "frontier": false, "x": -1.611, "y": -1.131}[0m
[0m[INFO] [1784727017.517845960] [autonomous_object_search]: {"state": "observing", "target": "кубик", "waypoint": 1, "sector": 1}[0m
[0m[INFO] [1784727021.334573808] [autonomous_object_search]: {"state": "observation_retry", "target": "кубик", "waypoint": 1, "sector": 1, "attempt": 1, "error": "HTTP 401 от https://ai.api.cloud.yandex.net/v1/responses: {\"error\":\"UNAUTHENTICATED: Unknown api key 't1.9****_uCw (E8A57C96)'\"}"}[0m
[0m[INFO] [1784727022.461313014] [autonomous_object_search]: {"state": "observation_retry", "target": "кубик", "waypoint": 1, "sector": 1, "attempt": 2, "error": "HTTP 401 от https://ai.api.cloud.yandex.net/v1/responses: {\"error\":\"UNAUTHENTICATED: Unknown api key 't1.9****_uCw (E8A57C96)'\"}"}[0m
[0m[INFO] [1784727022.462043531] [autonomous_object_search]: {"state": "observation_skipped", "target": "кубик", "waypoint": 1, "sector": 1, "consecutive_errors": 1, "error": "HTTP 401 от https://ai.api.cloud.yandex.net/v1/responses: {\"error\":\"UNAUTHENTICATED: Unknown api key 't1.9****_uCw (E8A57C96)'\"}"}[0m
[0m[INFO] [1784727022.462719307] [autonomous_object_search]: {"state": "observation", "target": "кубик", "waypoint": 1, "sector": 1, "found": false, "confidence": 0.0, "evidence": "Наблюдение пропущено: HTTP 401 от https://ai.api.cloud.yandex.net/v1/responses: {\"error\":\"UNAUTHENTICATED: Unknown api key 't1.9****_uCw (E8A57C96)'\"}"}[0m
[33m[WARN] [1784727028.984703372] [autonomous_object_search]: Получен сигнал остановки[0m
[0m[INFO] [1784727028.993198852] [autonomous_object_search]: {"state": "scan_position_blocked", "target": "кубик", "waypoint": 1, "sector": 1}[0m
[0m[INFO] [1784727028.993905961] [autonomous_object_search]: {"state": "cancelled", "target": "кубик", "reason": "user_cancelled"}[0m
[31m[ERROR] [1784728900.907876225] [autonomous_object_search]: Local visual gate unavailable: onnxruntime is required for the local visual gate[0m
[0m[INFO] [1784728900.909448633] [autonomous_object_search]: {"state": "initializing", "target": "мяч"}[0m
[33m[WARN] [1784728913.441592583] [autonomous_object_search]: Получен сигнал остановки[0m
[31m[ERROR] [1784729159.039077284] [autonomous_object_search]: Local visual gate unavailable: onnxruntime is required for the local visual gate[0m
[0m[INFO] [1784729159.039664100] [autonomous_object_search]: {"state": "initializing", "target": "мяч"}[0m
[0m[INFO] [1784729159.385943702] [autonomous_object_search]: {"state": "replanning", "target": "мяч", "visited": 0, "blocked": 0, "candidates": 2, "frontier_candidates": 2, "elapsed_seconds": 0.0}[0m
[0m[INFO] [1784729159.388655795] [autonomous_object_search]: {"state": "scanning_waypoint", "target": "мяч", "waypoint": 1, "visited": 1, "frontier": true, "x": -0.006, "y": 0.004}[0m
[0m[INFO] [1784729159.389298892] [autonomous_object_search]: {"state": "observing", "target": "мяч", "waypoint": 1, "sector": 1}[0m
[0m[INFO] [1784729161.057404523] [autonomous_object_search]: {"state": "observation_retry", "target": "мяч", "waypoint": 1, "sector": 1, "attempt": 1, "error": "HTTP 401 от https://ai.api.cloud.yandex.net/v1/responses: {\"error\":\"UNAUTHENTICATED: Unknown api key 't1.9****_uCw (E8A57C96)'\"}"}[0m
[0m[INFO] [1784729162.326662453] [autonomous_object_search]: {"state": "observation_retry", "target": "мяч", "waypoint": 1, "sector": 1, "attempt": 2, "error": "HTTP 401 от https://ai.api.cloud.yandex.net/v1/responses: {\"error\":\"UNAUTHENTICATED: Unknown api key 't1.9****_uCw (E8A57C96)'\"}"}[0m
[0m[INFO] [1784729162.327361493] [autonomous_object_search]: {"state": "observation_skipped", "target": "мяч", "waypoint": 1, "sector": 1, "consecutive_errors": 1, "error": "HTTP 401 от https://ai.api.cloud.yandex.net/v1/responses: {\"error\":\"UNAUTHENTICATED: Unknown api key 't1.9****_uCw (E8A57C96)'\"}"}[0m
[0m[INFO] [1784729162.327898416] [autonomous_object_search]: {"state": "observation", "target": "мяч", "waypoint": 1, "sector": 1, "found": false, "confidence": 0.0, "evidence": "Наблюдение пропущено: HTTP 401 от https://ai.api.cloud.yandex.net/v1/responses: {\"error\":\"UNAUTHENTICATED: Unknown api key 't1.9****_uCw (E8A57C96)'\"}"}[0m
[0m[INFO] [1784729167.236542263] [autonomous_object_search]: {"state": "observing", "target": "мяч", "waypoint": 1, "sector": 2}[0m
[0m[INFO] [1784729169.236104626] [autonomous_object_search]: {"state": "observation_retry", "target": "мяч", "waypoint": 1, "sector": 2, "attempt": 1, "error": "HTTP 401 от https://ai.api.cloud.yandex.net/v1/responses: {\"error\":\"UNAUTHENTICATED: Unknown api key 't1.9****_uCw (E8A57C96)'\"}"}[0m
[0m[INFO] [1784729170.613118273] [autonomous_object_search]: {"state": "observation_retry", "target": "мяч", "waypoint": 1, "sector": 2, "attempt": 2, "error": "HTTP 401 от https://ai.api.cloud.yandex.net/v1/responses: {\"error\":\"UNAUTHENTICATED: Unknown api key 't1.9****_uCw (E8A57C96)'\"}"}[0m
[0m[INFO] [1784729170.613747785] [autonomous_object_search]: {"state": "observation_skipped", "target": "мяч", "waypoint": 1, "sector": 2, "consecutive_errors": 2, "error": "HTTP 401 от https://ai.api.cloud.yandex.net/v1/responses: {\"error\":\"UNAUTHENTICATED: Unknown api key 't1.9****_uCw (E8A57C96)'\"}"}[0m
[0m[INFO] [1784729170.614232776] [autonomous_object_search]: {"state": "observation", "target": "мяч", "waypoint": 1, "sector": 2, "found": false, "confidence": 0.0, "evidence": "Наблюдение пропущено: HTTP 401 от https://ai.api.cloud.yandex.net/v1/responses: {\"error\":\"UNAUTHENTICATED: Unknown api key 't1.9****_uCw (E8A57C96)'\"}"}[0m
[0m[INFO] [1784729176.717927488] [autonomous_object_search]: {"state": "observing", "target": "мяч", "waypoint": 1, "sector": 3}[0m
[0m[INFO] [1784729178.892655355] [autonomous_object_search]: {"state": "observation_retry", "target": "мяч", "waypoint": 1, "sector": 3, "attempt": 1, "error": "HTTP 401 от https://ai.api.cloud.yandex.net/v1/responses: {\"error\":\"UNAUTHENTICATED: Unknown api key 't1.9****_uCw (E8A57C96)'\"}"}[0m
[0m[INFO] [1784729180.090259598] [autonomous_object_search]: {"state": "observation_retry", "target": "мяч", "waypoint": 1, "sector": 3, "attempt": 2, "error": "HTTP 401 от https://ai.api.cloud.yandex.net/v1/responses: {\"error\":\"UNAUTHENTICATED: Unknown api key 't1.9****_uCw (E8A57C96)'\"}"}[0m
Ошибка: Слишком много последовательных ошибок камеры/детектора: HTTP 401 от https://ai.api.cloud.yandex.net/v1/responses: {"error":"UNAUTHENTICATED: Unknown api key 't1.9****_uCw (E8A57C96)'"}
