[Licensing::Module] Trying to connect to existing licensing client channel...
Built from '6000.5/staging' branch; Version is '6000.5.3f1 (c2eb47b3a2a9) revision 12774215'; Using compiler version '194234433'; Build Type 'Release'
OS: 'Windows 10  (10.0.19045) 64bit Professional' Language: 'ru' Physical Memory: 16108 MB
[Licensing::IpcConnector] Successfully connected to: "LicenseClient-Admin" at "2026-07-15T07:58:05.0638685Z"
BatchMode: 1, IsHumanControllingUs: 0, StartBugReporterOnCrash: 0, Is64bit: 1
System  architecture: x64
Process architecture: x64
Date: 2026-07-15T07:58:05Z

COMMAND LINE ARGUMENTS:
C:\Program Files\Unity\Hub\Editor\6000.5.3f1\Editor\Unity.exe
-batchmode
-nographics
-quit
-projectPath
C:\Projects\Logos_robotics_Yandex\Logos_robotics\Unity
-executeMethod
BuildScript.PerformBuild
-buildOutput
C:\Projects\Logos_robotics_Yandex\Logos_robotics\Build\GFSX_Simulator.exe
-logFile
C:\Projects\Logos_robotics_Yandex\Logos_robotics\Build\build.log
Successfully changed project path to: C:\Projects\Logos_robotics_Yandex\Logos_robotics\Unity
C:/Projects/Logos_robotics_Yandex/Logos_robotics/Unity
Exiting without the bug reporter. Application will terminate with return code 1